Archive member included because of file (symbol)

C:\WinAVR\avr\lib\libm.a(cmpsf2.o)
                              obj\Debug\main.o (__ltsf2)
C:\WinAVR\avr\lib\libm.a(fixunssfsi.o)
                              obj\Debug\main.o (__fixunssfsi)
C:\WinAVR\avr\lib\libm.a(fp_cmp.o)
                              C:\WinAVR\avr\lib\libm.a(cmpsf2.o) (__fp_cmp)
C:\WinAVR\avr\lib\libm.a(fp_split3.o)
                              C:\WinAVR\avr\lib\libm.a(fixunssfsi.o) (__fp_splitA)
C:\WinAVR\avr\lib\libm.a(fp_zero.o)
                              C:\WinAVR\avr\lib\libm.a(fixunssfsi.o) (__fp_zero)
C:\WinAVR\avr\lib\libm.a(gesf2.o)
                              obj\Debug\main.o (__gtsf2)
C:\WinAVR\avr\lib\libm.a(mulsf3.o)
                              obj\Debug\main.o (__mulsf3)
C:\WinAVR\avr\lib\libm.a(mulsf3x.o)
                              C:\WinAVR\avr\lib\libm.a(mulsf3.o) (__mulsf3x)
C:\WinAVR\avr\lib\libm.a(fp_inf.o)
                              C:\WinAVR\avr\lib\libm.a(mulsf3x.o) (__fp_inf)
C:\WinAVR\avr\lib\libm.a(fp_nan.o)
                              C:\WinAVR\avr\lib\libm.a(mulsf3x.o) (__fp_nan)
C:\WinAVR\avr\lib\libm.a(fp_pscA.o)
                              C:\WinAVR\avr\lib\libm.a(mulsf3x.o) (__fp_pscA)
C:\WinAVR\avr\lib\libm.a(fp_pscB.o)
                              C:\WinAVR\avr\lib\libm.a(mulsf3x.o) (__fp_pscB)
C:\WinAVR\avr\lib\libm.a(fp_round.o)
                              C:\WinAVR\avr\lib\libm.a(mulsf3.o) (__fp_round)
c:/users/ralfs/desktop/codeblocks/bin/../lib/gcc/avr/4.3.3/avr6\libgcc.a(_exit.o)
                              c:/users/ralfs/desktop/codeblocks/bin/../lib/gcc/avr/4.3.3/../../../../avr/lib/avr6/crtm2560.o (exit)
c:/users/ralfs/desktop/codeblocks/bin/../lib/gcc/avr/4.3.3/avr6\libgcc.a(_clear_bss.o)
                              obj\Debug\main.o (__do_clear_bss)

Discarded input sections

 .data          0x00000000        0x0 c:/users/ralfs/desktop/codeblocks/bin/../lib/gcc/avr/4.3.3/../../../../avr/lib/avr6/crtm2560.o
 .bss           0x00000000        0x0 c:/users/ralfs/desktop/codeblocks/bin/../lib/gcc/avr/4.3.3/../../../../avr/lib/avr6/crtm2560.o
 .text          0x00000000        0x0 obj\Debug\fuse.o
 .data          0x00000000        0x0 obj\Debug\fuse.o
 .bss           0x00000000        0x0 obj\Debug\fuse.o
 .debug_abbrev  0x00000000        0x0 obj\Debug\fuse.o
 .debug_info    0x00000000        0x0 obj\Debug\fuse.o
 .debug_line    0x00000000        0x0 obj\Debug\fuse.o
 .debug_pubnames
                0x00000000        0x0 obj\Debug\fuse.o
 .debug_str     0x00000000        0x0 obj\Debug\fuse.o
 .text          0x00000000        0x0 obj\Debug\main.o
 .data          0x00000000        0x0 obj\Debug\main.o
 .bss           0x00000000        0x0 obj\Debug\main.o
 .debug_abbrev  0x00000000        0x0 obj\Debug\main.o
 .debug_info    0x00000000        0x0 obj\Debug\main.o
 .debug_line    0x00000000        0x0 obj\Debug\main.o
 .bss.wait_over
                0x00000000        0x0 obj\Debug\main.o
 .debug_frame   0x00000000        0x0 obj\Debug\main.o
 .debug_pubnames
                0x00000000        0x0 obj\Debug\main.o
 .debug_aranges
                0x00000000        0x0 obj\Debug\main.o
 .debug_ranges  0x00000000        0x0 obj\Debug\main.o
 .debug_str     0x00000000        0x0 obj\Debug\main.o
 .text          0x00000000        0x0 C:\WinAVR\avr\lib\libm.a(cmpsf2.o)
 .data          0x00000000        0x0 C:\WinAVR\avr\lib\libm.a(cmpsf2.o)
 .bss           0x00000000        0x0 C:\WinAVR\avr\lib\libm.a(cmpsf2.o)
 .text          0x00000000        0x0 C:\WinAVR\avr\lib\libm.a(fixunssfsi.o)
 .data          0x00000000        0x0 C:\WinAVR\avr\lib\libm.a(fixunssfsi.o)
 .bss           0x00000000        0x0 C:\WinAVR\avr\lib\libm.a(fixunssfsi.o)
 .text          0x00000000        0x0 C:\WinAVR\avr\lib\libm.a(fp_cmp.o)
 .data          0x00000000        0x0 C:\WinAVR\avr\lib\libm.a(fp_cmp.o)
 .bss           0x00000000        0x0 C:\WinAVR\avr\lib\libm.a(fp_cmp.o)
 .text          0x00000000        0x0 C:\WinAVR\avr\lib\libm.a(fp_split3.o)
 .data          0x00000000        0x0 C:\WinAVR\avr\lib\libm.a(fp_split3.o)
 .bss           0x00000000        0x0 C:\WinAVR\avr\lib\libm.a(fp_split3.o)
 .text          0x00000000        0x0 C:\WinAVR\avr\lib\libm.a(fp_zero.o)
 .data          0x00000000        0x0 C:\WinAVR\avr\lib\libm.a(fp_zero.o)
 .bss           0x00000000        0x0 C:\WinAVR\avr\lib\libm.a(fp_zero.o)
 .text          0x00000000        0x0 C:\WinAVR\avr\lib\libm.a(gesf2.o)
 .data          0x00000000        0x0 C:\WinAVR\avr\lib\libm.a(gesf2.o)
 .bss           0x00000000        0x0 C:\WinAVR\avr\lib\libm.a(gesf2.o)
 .text          0x00000000        0x0 C:\WinAVR\avr\lib\libm.a(mulsf3.o)
 .data          0x00000000        0x0 C:\WinAVR\avr\lib\libm.a(mulsf3.o)
 .bss           0x00000000        0x0 C:\WinAVR\avr\lib\libm.a(mulsf3.o)
 .text          0x00000000        0x0 C:\WinAVR\avr\lib\libm.a(mulsf3x.o)
 .data          0x00000000        0x0 C:\WinAVR\avr\lib\libm.a(mulsf3x.o)
 .bss           0x00000000        0x0 C:\WinAVR\avr\lib\libm.a(mulsf3x.o)
 .text          0x00000000        0x0 C:\WinAVR\avr\lib\libm.a(fp_inf.o)
 .data          0x00000000        0x0 C:\WinAVR\avr\lib\libm.a(fp_inf.o)
 .bss           0x00000000        0x0 C:\WinAVR\avr\lib\libm.a(fp_inf.o)
 .text          0x00000000        0x0 C:\WinAVR\avr\lib\libm.a(fp_nan.o)
 .data          0x00000000        0x0 C:\WinAVR\avr\lib\libm.a(fp_nan.o)
 .bss           0x00000000        0x0 C:\WinAVR\avr\lib\libm.a(fp_nan.o)
 .text          0x00000000        0x0 C:\WinAVR\avr\lib\libm.a(fp_pscA.o)
 .data          0x00000000        0x0 C:\WinAVR\avr\lib\libm.a(fp_pscA.o)
 .bss           0x00000000        0x0 C:\WinAVR\avr\lib\libm.a(fp_pscA.o)
 .text          0x00000000        0x0 C:\WinAVR\avr\lib\libm.a(fp_pscB.o)
 .data          0x00000000        0x0 C:\WinAVR\avr\lib\libm.a(fp_pscB.o)
 .bss           0x00000000        0x0 C:\WinAVR\avr\lib\libm.a(fp_pscB.o)
 .text          0x00000000        0x0 C:\WinAVR\avr\lib\libm.a(fp_round.o)
 .data          0x00000000        0x0 C:\WinAVR\avr\lib\libm.a(fp_round.o)
 .bss           0x00000000        0x0 C:\WinAVR\avr\lib\libm.a(fp_round.o)
 .text          0x00000000        0x0 c:/users/ralfs/desktop/codeblocks/bin/../lib/gcc/avr/4.3.3/avr6\libgcc.a(_exit.o)
 .data          0x00000000        0x0 c:/users/ralfs/desktop/codeblocks/bin/../lib/gcc/avr/4.3.3/avr6\libgcc.a(_exit.o)
 .bss           0x00000000        0x0 c:/users/ralfs/desktop/codeblocks/bin/../lib/gcc/avr/4.3.3/avr6\libgcc.a(_exit.o)
 .text.libgcc   0x00000000        0x0 c:/users/ralfs/desktop/codeblocks/bin/../lib/gcc/avr/4.3.3/avr6\libgcc.a(_exit.o)
 .text          0x00000000        0x0 c:/users/ralfs/desktop/codeblocks/bin/../lib/gcc/avr/4.3.3/avr6\libgcc.a(_clear_bss.o)
 .data          0x00000000        0x0 c:/users/ralfs/desktop/codeblocks/bin/../lib/gcc/avr/4.3.3/avr6\libgcc.a(_clear_bss.o)
 .bss           0x00000000        0x0 c:/users/ralfs/desktop/codeblocks/bin/../lib/gcc/avr/4.3.3/avr6\libgcc.a(_clear_bss.o)
 .text.libgcc   0x00000000        0x0 c:/users/ralfs/desktop/codeblocks/bin/../lib/gcc/avr/4.3.3/avr6\libgcc.a(_clear_bss.o)

Memory Configuration

Name             Origin             Length             Attributes
text             0x00000000         0x00100000         xr
data             0x00800200         0x0000fe00         rw !x
eeprom           0x00810000         0x00010000         rw !x
fuse             0x00820000         0x00000400         rw !x
lock             0x00830000         0x00000400         rw !x
signature        0x00840000         0x00000400         rw !x
*default*        0x00000000         0xffffffff

Linker script and memory map

Address of section .data set to 0x800200
LOAD c:/users/ralfs/desktop/codeblocks/bin/../lib/gcc/avr/4.3.3/../../../../avr/lib/avr6/crtm2560.o
LOAD obj\Debug\fuse.o
LOAD obj\Debug\main.o
LOAD C:\WinAVR\avr\lib\libm.a
LOAD c:/users/ralfs/desktop/codeblocks/bin/../lib/gcc/avr/4.3.3/avr6\libgcc.a
LOAD C:\WinAVR\avr\lib\libc.a
LOAD c:/users/ralfs/desktop/codeblocks/bin/../lib/gcc/avr/4.3.3/avr6\libgcc.a

.hash
 *(.hash)

.dynsym
 *(.dynsym)

.dynstr
 *(.dynstr)

.gnu.version
 *(.gnu.version)

.gnu.version_d
 *(.gnu.version_d)

.gnu.version_r
 *(.gnu.version_r)

.rel.init
 *(.rel.init)

.rela.init
 *(.rela.init)

.rel.text
 *(.rel.text)
 *(.rel.text.*)
 *(.rel.gnu.linkonce.t*)

.rela.text
 *(.rela.text)
 *(.rela.text.*)
 *(.rela.gnu.linkonce.t*)

.rel.fini
 *(.rel.fini)

.rela.fini
 *(.rela.fini)

.rel.rodata
 *(.rel.rodata)
 *(.rel.rodata.*)
 *(.rel.gnu.linkonce.r*)

.rela.rodata
 *(.rela.rodata)
 *(.rela.rodata.*)
 *(.rela.gnu.linkonce.r*)

.rel.data
 *(.rel.data)
 *(.rel.data.*)
 *(.rel.gnu.linkonce.d*)

.rela.data
 *(.rela.data)
 *(.rela.data.*)
 *(.rela.gnu.linkonce.d*)

.rel.ctors
 *(.rel.ctors)

.rela.ctors
 *(.rela.ctors)

.rel.dtors
 *(.rel.dtors)

.rela.dtors
 *(.rela.dtors)

.rel.got
 *(.rel.got)

.rela.got
 *(.rela.got)

.rel.bss
 *(.rel.bss)

.rela.bss
 *(.rela.bss)

.rel.plt
 *(.rel.plt)

.rela.plt
 *(.rela.plt)

.text           0x00000000      0x5a6
 *(.vectors)
 .vectors       0x00000000       0xe4 c:/users/ralfs/desktop/codeblocks/bin/../lib/gcc/avr/4.3.3/../../../../avr/lib/avr6/crtm2560.o
                0x00000000                __vectors
                0x00000000                __vector_default
 *(.vectors)
 *(.progmem.gcc*)
 *(.progmem*)
                0x000000e4                . = ALIGN (0x2)
                0x000000e4                __trampolines_start = .
 *(.trampolines)
 .trampolines   0x000000e4        0x0 linker stubs
 *(.trampolines*)
                0x000000e4                __trampolines_end = .
 *(.jumptables)
 *(.jumptables*)
 *(.lowtext)
 *(.lowtext*)
                0x000000e4                __ctors_start = .
 *(.ctors)
                0x000000e4                __ctors_end = .
                0x000000e4                __dtors_start = .
 *(.dtors)
                0x000000e4                __dtors_end = .
 SORT(*)(.ctors)
 SORT(*)(.dtors)
 *(.init0)
 .init0         0x000000e4        0x0 c:/users/ralfs/desktop/codeblocks/bin/../lib/gcc/avr/4.3.3/../../../../avr/lib/avr6/crtm2560.o
                0x000000e4                __init
 *(.init0)
 *(.init1)
 *(.init1)
 *(.init2)
 .init2         0x000000e4       0x10 c:/users/ralfs/desktop/codeblocks/bin/../lib/gcc/avr/4.3.3/../../../../avr/lib/avr6/crtm2560.o
 *(.init2)
 *(.init3)
 *(.init3)
 *(.init4)
 .init4         0x000000f4       0x1c c:/users/ralfs/desktop/codeblocks/bin/../lib/gcc/avr/4.3.3/../../../../avr/lib/avr6/crtm2560.o
                0x000000f4                __do_copy_data
 .init4         0x00000110       0x10 c:/users/ralfs/desktop/codeblocks/bin/../lib/gcc/avr/4.3.3/avr6\libgcc.a(_clear_bss.o)
                0x00000110                __do_clear_bss
 *(.init4)
 *(.init5)
 *(.init5)
 *(.init6)
 *(.init6)
 *(.init7)
 *(.init7)
 *(.init8)
 *(.init8)
 *(.init9)
 .init9         0x00000120        0x8 c:/users/ralfs/desktop/codeblocks/bin/../lib/gcc/avr/4.3.3/../../../../avr/lib/avr6/crtm2560.o
 *(.init9)
 *(.text)
 .text          0x00000128        0x4 c:/users/ralfs/desktop/codeblocks/bin/../lib/gcc/avr/4.3.3/../../../../avr/lib/avr6/crtm2560.o
                0x00000128                __vector_38
                0x00000128                __vector_22
                0x00000128                __vector_28
                0x00000128                __vector_1
                0x00000128                __vector_32
                0x00000128                __vector_34
                0x00000128                __vector_24
                0x00000128                __vector_12
                0x00000128                __vector_55
                0x00000128                __vector_46
                0x00000128                __bad_interrupt
                0x00000128                __vector_6
                0x00000128                __vector_31
                0x00000128                __vector_35
                0x00000128                __vector_39
                0x00000128                __vector_3
                0x00000128                __vector_23
                0x00000128                __vector_30
                0x00000128                __vector_45
                0x00000128                __vector_25
                0x00000128                __vector_11
                0x00000128                __vector_54
                0x00000128                __vector_13
                0x00000128                __vector_17
                0x00000128                __vector_19
                0x00000128                __vector_56
                0x00000128                __vector_7
                0x00000128                __vector_49
                0x00000128                __vector_41
                0x00000128                __vector_43
                0x00000128                __vector_27
                0x00000128                __vector_5
                0x00000128                __vector_33
                0x00000128                __vector_47
                0x00000128                __vector_52
                0x00000128                __vector_37
                0x00000128                __vector_4
                0x00000128                __vector_44
                0x00000128                __vector_51
                0x00000128                __vector_9
                0x00000128                __vector_2
                0x00000128                __vector_21
                0x00000128                __vector_15
                0x00000128                __vector_36
                0x00000128                __vector_29
                0x00000128                __vector_40
                0x00000128                __vector_8
                0x00000128                __vector_26
                0x00000128                __vector_48
                0x00000128                __vector_14
                0x00000128                __vector_53
                0x00000128                __vector_10
                0x00000128                __vector_50
                0x00000128                __vector_16
                0x00000128                __vector_18
                0x00000128                __vector_20
                0x00000128                __vector_42
                0x0000012c                . = ALIGN (0x2)
 *(.text.*)
 .text.main     0x0000012c      0x24c obj\Debug\main.o
                0x0000012c                main
 .text.avr-libc.fplib
                0x00000378        0x8 C:\WinAVR\avr\lib\libm.a(cmpsf2.o)
                0x00000378                __lesf2
                0x00000378                __nesf2
                0x00000378                __eqsf2
                0x00000378                __cmpsf2
                0x00000378                __ltsf2
 .text.avr-libc.fplib
                0x00000380       0x58 C:\WinAVR\avr\lib\libm.a(fixunssfsi.o)
                0x00000380                __fixunssfsi
 .text.avr-libc.fplib
                0x000003d8       0x48 C:\WinAVR\avr\lib\libm.a(fp_cmp.o)
                0x000003d8                __fp_cmp
 .text.avr-libc.fplib
                0x00000420       0x44 C:\WinAVR\avr\lib\libm.a(fp_split3.o)
                0x00000420                __fp_split3
                0x00000430                __fp_splitA
 .text.avr-libc.fplib
                0x00000464       0x10 C:\WinAVR\avr\lib\libm.a(fp_zero.o)
                0x00000464                __fp_zero
                0x00000466                __fp_szero
 .text.avr-libc.fplib
                0x00000474        0x8 C:\WinAVR\avr\lib\libm.a(gesf2.o)
                0x00000474                __gtsf2
                0x00000474                __gesf2
 .text.avr-libc.fplib
                0x0000047c        0x4 C:\WinAVR\avr\lib\libm.a(mulsf3.o)
                0x0000047c                __mulsf3
 .text.avr-libc.fplib
                0x00000480       0xd2 C:\WinAVR\avr\lib\libm.a(mulsf3x.o)
                0x00000496                __mulsf3_pse
                0x00000492                __mulsf3x
 .text.avr-libc.fplib
                0x00000552        0xc C:\WinAVR\avr\lib\libm.a(fp_inf.o)
                0x00000552                __fp_inf
 .text.avr-libc.fplib
                0x0000055e        0x6 C:\WinAVR\avr\lib\libm.a(fp_nan.o)
                0x0000055e                __fp_nan
 .text.avr-libc.fplib
                0x00000564        0xe C:\WinAVR\avr\lib\libm.a(fp_pscA.o)
                0x00000564                __fp_pscA
 .text.avr-libc.fplib
                0x00000572        0xe C:\WinAVR\avr\lib\libm.a(fp_pscB.o)
                0x00000572                __fp_pscB
 .text.avr-libc.fplib
                0x00000580       0x22 C:\WinAVR\avr\lib\libm.a(fp_round.o)
                0x00000580                __fp_round
                0x000005a2                . = ALIGN (0x2)
 *(.fini9)
 .fini9         0x000005a2        0x0 c:/users/ralfs/desktop/codeblocks/bin/../lib/gcc/avr/4.3.3/avr6\libgcc.a(_exit.o)
                0x000005a2                exit
                0x000005a2                _exit
 *(.fini9)
 *(.fini8)
 *(.fini8)
 *(.fini7)
 *(.fini7)
 *(.fini6)
 *(.fini6)
 *(.fini5)
 *(.fini5)
 *(.fini4)
 *(.fini4)
 *(.fini3)
 *(.fini3)
 *(.fini2)
 *(.fini2)
 *(.fini1)
 *(.fini1)
 *(.fini0)
 .fini0         0x000005a2        0x4 c:/users/ralfs/desktop/codeblocks/bin/../lib/gcc/avr/4.3.3/avr6\libgcc.a(_exit.o)
 *(.fini0)
                0x000005a6                _etext = .

.data           0x00800200        0x0 load address 0x000005a6
                0x00800200                PROVIDE (__data_start, .)
 *(.data)
 *(.data*)
 *(.rodata)
 *(.rodata*)
 *(.gnu.linkonce.d*)
                0x00800200                . = ALIGN (0x2)
                0x00800200                _edata = .
                0x00800200                PROVIDE (__data_end, .)

.bss            0x00800200        0x0
                0x00800200                PROVIDE (__bss_start, .)
 *(.bss)
 *(.bss*)
 *(COMMON)
                0x00800200                PROVIDE (__bss_end, .)
                0x000005a6                __data_load_start = LOADADDR (.data)
                0x000005a6                __data_load_end = (__data_load_start + SIZEOF (.data))

.noinit         0x00800200        0x0
                0x00800200                PROVIDE (__noinit_start, .)
 *(.noinit*)
                0x00800200                PROVIDE (__noinit_end, .)
                0x00800200                _end = .
                0x00800200                PROVIDE (__heap_start, .)

.eeprom         0x00810000        0x0
 *(.eeprom*)
                0x00810000                __eeprom_end = .

.fuse           0x00820000        0x3
 *(.fuse)
 .fuse          0x00820000        0x3 obj\Debug\fuse.o
                0x00820000                __fuse
 *(.lfuse)
 *(.hfuse)
 *(.efuse)

.lock
 *(.lock*)

.signature
 *(.signature*)

.stab
 *(.stab)

.stabstr
 *(.stabstr)

.stab.excl
 *(.stab.excl)

.stab.exclstr
 *(.stab.exclstr)

.stab.index
 *(.stab.index)

.stab.indexstr
 *(.stab.indexstr)

.comment
 *(.comment)

.debug
 *(.debug)

.line
 *(.line)

.debug_srcinfo
 *(.debug_srcinfo)

.debug_sfnames
 *(.debug_sfnames)

.debug_aranges
 *(.debug_aranges)

.debug_pubnames
 *(.debug_pubnames)

.debug_info
 *(.debug_info)
 *(.gnu.linkonce.wi.*)

.debug_abbrev
 *(.debug_abbrev)

.debug_line
 *(.debug_line)

.debug_frame
 *(.debug_frame)

.debug_str
 *(.debug_str)

.debug_loc
 *(.debug_loc)

.debug_macinfo
 *(.debug_macinfo)
OUTPUT(bin\Debug\avr_program.elf elf32-avr)
LOAD linker stubs

.debug_ranges

Cross Reference Table

Symbol                                            File
__bad_interrupt                                   c:/users/ralfs/desktop/codeblocks/bin/../lib/gcc/avr/4.3.3/../../../../avr/lib/avr6/crtm2560.o
__bss_end                                         c:/users/ralfs/desktop/codeblocks/bin/../lib/gcc/avr/4.3.3/avr6\libgcc.a(_clear_bss.o)
__bss_start                                       c:/users/ralfs/desktop/codeblocks/bin/../lib/gcc/avr/4.3.3/avr6\libgcc.a(_clear_bss.o)
__cmpsf2                                          C:\WinAVR\avr\lib\libm.a(cmpsf2.o)
__data_end                                        c:/users/ralfs/desktop/codeblocks/bin/../lib/gcc/avr/4.3.3/../../../../avr/lib/avr6/crtm2560.o
__data_load_start                                 c:/users/ralfs/desktop/codeblocks/bin/../lib/gcc/avr/4.3.3/../../../../avr/lib/avr6/crtm2560.o
__data_start                                      c:/users/ralfs/desktop/codeblocks/bin/../lib/gcc/avr/4.3.3/../../../../avr/lib/avr6/crtm2560.o
__do_clear_bss                                    c:/users/ralfs/desktop/codeblocks/bin/../lib/gcc/avr/4.3.3/avr6\libgcc.a(_clear_bss.o)
                                                  obj\Debug\main.o
__do_copy_data                                    c:/users/ralfs/desktop/codeblocks/bin/../lib/gcc/avr/4.3.3/../../../../avr/lib/avr6/crtm2560.o
__eqsf2                                           C:\WinAVR\avr\lib\libm.a(cmpsf2.o)
__fixunssfsi                                      C:\WinAVR\avr\lib\libm.a(fixunssfsi.o)
                                                  obj\Debug\main.o
__fp_cmp                                          C:\WinAVR\avr\lib\libm.a(fp_cmp.o)
                                                  C:\WinAVR\avr\lib\libm.a(gesf2.o)
                                                  C:\WinAVR\avr\lib\libm.a(cmpsf2.o)
__fp_inf                                          C:\WinAVR\avr\lib\libm.a(fp_inf.o)
                                                  C:\WinAVR\avr\lib\libm.a(mulsf3x.o)
__fp_nan                                          C:\WinAVR\avr\lib\libm.a(fp_nan.o)
                                                  C:\WinAVR\avr\lib\libm.a(mulsf3x.o)
__fp_pscA                                         C:\WinAVR\avr\lib\libm.a(fp_pscA.o)
                                                  C:\WinAVR\avr\lib\libm.a(mulsf3x.o)
__fp_pscB                                         C:\WinAVR\avr\lib\libm.a(fp_pscB.o)
                                                  C:\WinAVR\avr\lib\libm.a(mulsf3x.o)
__fp_round                                        C:\WinAVR\avr\lib\libm.a(fp_round.o)
                                                  C:\WinAVR\avr\lib\libm.a(mulsf3.o)
__fp_split3                                       C:\WinAVR\avr\lib\libm.a(fp_split3.o)
                                                  C:\WinAVR\avr\lib\libm.a(mulsf3x.o)
__fp_splitA                                       C:\WinAVR\avr\lib\libm.a(fp_split3.o)
                                                  C:\WinAVR\avr\lib\libm.a(fixunssfsi.o)
__fp_szero                                        C:\WinAVR\avr\lib\libm.a(fp_zero.o)
                                                  C:\WinAVR\avr\lib\libm.a(mulsf3x.o)
__fp_zero                                         C:\WinAVR\avr\lib\libm.a(fp_zero.o)
                                                  C:\WinAVR\avr\lib\libm.a(fixunssfsi.o)
__fuse                                            obj\Debug\fuse.o
__gesf2                                           C:\WinAVR\avr\lib\libm.a(gesf2.o)
__gtsf2                                           C:\WinAVR\avr\lib\libm.a(gesf2.o)
                                                  obj\Debug\main.o
__heap_end                                        c:/users/ralfs/desktop/codeblocks/bin/../lib/gcc/avr/4.3.3/../../../../avr/lib/avr6/crtm2560.o
__init                                            c:/users/ralfs/desktop/codeblocks/bin/../lib/gcc/avr/4.3.3/../../../../avr/lib/avr6/crtm2560.o
__lesf2                                           C:\WinAVR\avr\lib\libm.a(cmpsf2.o)
__ltsf2                                           C:\WinAVR\avr\lib\libm.a(cmpsf2.o)
                                                  obj\Debug\main.o
__mulsf3                                          C:\WinAVR\avr\lib\libm.a(mulsf3.o)
                                                  obj\Debug\main.o
__mulsf3_pse                                      C:\WinAVR\avr\lib\libm.a(mulsf3x.o)
__mulsf3x                                         C:\WinAVR\avr\lib\libm.a(mulsf3x.o)
                                                  C:\WinAVR\avr\lib\libm.a(mulsf3.o)
__nesf2                                           C:\WinAVR\avr\lib\libm.a(cmpsf2.o)
__stack                                           c:/users/ralfs/desktop/codeblocks/bin/../lib/gcc/avr/4.3.3/../../../../avr/lib/avr6/crtm2560.o
__vector_1                                        c:/users/ralfs/desktop/codeblocks/bin/../lib/gcc/avr/4.3.3/../../../../avr/lib/avr6/crtm2560.o
__vector_10                                       c:/users/ralfs/desktop/codeblocks/bin/../lib/gcc/avr/4.3.3/../../../../avr/lib/avr6/crtm2560.o
__vector_11                                       c:/users/ralfs/desktop/codeblocks/bin/../lib/gcc/avr/4.3.3/../../../../avr/lib/avr6/crtm2560.o
__vector_12                                       c:/users/ralfs/desktop/codeblocks/bin/../lib/gcc/avr/4.3.3/../../../../avr/lib/avr6/crtm2560.o
__vector_13                                       c:/users/ralfs/desktop/codeblocks/bin/../lib/gcc/avr/4.3.3/../../../../avr/lib/avr6/crtm2560.o
__vector_14                                       c:/users/ralfs/desktop/codeblocks/bin/../lib/gcc/avr/4.3.3/../../../../avr/lib/avr6/crtm2560.o
__vector_15                                       c:/users/ralfs/desktop/codeblocks/bin/../lib/gcc/avr/4.3.3/../../../../avr/lib/avr6/crtm2560.o
__vector_16                                       c:/users/ralfs/desktop/codeblocks/bin/../lib/gcc/avr/4.3.3/../../../../avr/lib/avr6/crtm2560.o
__vector_17                                       c:/users/ralfs/desktop/codeblocks/bin/../lib/gcc/avr/4.3.3/../../../../avr/lib/avr6/crtm2560.o
__vector_18                                       c:/users/ralfs/desktop/codeblocks/bin/../lib/gcc/avr/4.3.3/../../../../avr/lib/avr6/crtm2560.o
__vector_19                                       c:/users/ralfs/desktop/codeblocks/bin/../lib/gcc/avr/4.3.3/../../../../avr/lib/avr6/crtm2560.o
__vector_2                                        c:/users/ralfs/desktop/codeblocks/bin/../lib/gcc/avr/4.3.3/../../../../avr/lib/avr6/crtm2560.o
__vector_20                                       c:/users/ralfs/desktop/codeblocks/bin/../lib/gcc/avr/4.3.3/../../../../avr/lib/avr6/crtm2560.o
__vector_21                                       c:/users/ralfs/desktop/codeblocks/bin/../lib/gcc/avr/4.3.3/../../../../avr/lib/avr6/crtm2560.o
__vector_22                                       c:/users/ralfs/desktop/codeblocks/bin/../lib/gcc/avr/4.3.3/../../../../avr/lib/avr6/crtm2560.o
__vector_23                                       c:/users/ralfs/desktop/codeblocks/bin/../lib/gcc/avr/4.3.3/../../../../avr/lib/avr6/crtm2560.o
__vector_24                                       c:/users/ralfs/desktop/codeblocks/bin/../lib/gcc/avr/4.3.3/../../../../avr/lib/avr6/crtm2560.o
__vector_25                                       c:/users/ralfs/desktop/codeblocks/bin/../lib/gcc/avr/4.3.3/../../../../avr/lib/avr6/crtm2560.o
__vector_26                                       c:/users/ralfs/desktop/codeblocks/bin/../lib/gcc/avr/4.3.3/../../../../avr/lib/avr6/crtm2560.o
__vector_27                                       c:/users/ralfs/desktop/codeblocks/bin/../lib/gcc/avr/4.3.3/../../../../avr/lib/avr6/crtm2560.o
__vector_28                                       c:/users/ralfs/desktop/codeblocks/bin/../lib/gcc/avr/4.3.3/../../../../avr/lib/avr6/crtm2560.o
__vector_29                                       c:/users/ralfs/desktop/codeblocks/bin/../lib/gcc/avr/4.3.3/../../../../avr/lib/avr6/crtm2560.o
__vector_3                                        c:/users/ralfs/desktop/codeblocks/bin/../lib/gcc/avr/4.3.3/../../../../avr/lib/avr6/crtm2560.o
__vector_30                                       c:/users/ralfs/desktop/codeblocks/bin/../lib/gcc/avr/4.3.3/../../../../avr/lib/avr6/crtm2560.o
__vector_31                                       c:/users/ralfs/desktop/codeblocks/bin/../lib/gcc/avr/4.3.3/../../../../avr/lib/avr6/crtm2560.o
__vector_32                                       c:/users/ralfs/desktop/codeblocks/bin/../lib/gcc/avr/4.3.3/../../../../avr/lib/avr6/crtm2560.o
__vector_33                                       c:/users/ralfs/desktop/codeblocks/bin/../lib/gcc/avr/4.3.3/../../../../avr/lib/avr6/crtm2560.o
__vector_34                                       c:/users/ralfs/desktop/codeblocks/bin/../lib/gcc/avr/4.3.3/../../../../avr/lib/avr6/crtm2560.o
__vector_35                                       c:/users/ralfs/desktop/codeblocks/bin/../lib/gcc/avr/4.3.3/../../../../avr/lib/avr6/crtm2560.o
__vector_36                                       c:/users/ralfs/desktop/codeblocks/bin/../lib/gcc/avr/4.3.3/../../../../avr/lib/avr6/crtm2560.o
__vector_37                                       c:/users/ralfs/desktop/codeblocks/bin/../lib/gcc/avr/4.3.3/../../../../avr/lib/avr6/crtm2560.o
__vector_38                                       c:/users/ralfs/desktop/codeblocks/bin/../lib/gcc/avr/4.3.3/../../../../avr/lib/avr6/crtm2560.o
__vector_39                                       c:/users/ralfs/desktop/codeblocks/bin/../lib/gcc/avr/4.3.3/../../../../avr/lib/avr6/crtm2560.o
__vector_4                                        c:/users/ralfs/desktop/codeblocks/bin/../lib/gcc/avr/4.3.3/../../../../avr/lib/avr6/crtm2560.o
__vector_40                                       c:/users/ralfs/desktop/codeblocks/bin/../lib/gcc/avr/4.3.3/../../../../avr/lib/avr6/crtm2560.o
__vector_41                                       c:/users/ralfs/desktop/codeblocks/bin/../lib/gcc/avr/4.3.3/../../../../avr/lib/avr6/crtm2560.o
__vector_42                                       c:/users/ralfs/desktop/codeblocks/bin/../lib/gcc/avr/4.3.3/../../../../avr/lib/avr6/crtm2560.o
__vector_43                                       c:/users/ralfs/desktop/codeblocks/bin/../lib/gcc/avr/4.3.3/../../../../avr/lib/avr6/crtm2560.o
__vector_44                                       c:/users/ralfs/desktop/codeblocks/bin/../lib/gcc/avr/4.3.3/../../../../avr/lib/avr6/crtm2560.o
__vector_45                                       c:/users/ralfs/desktop/codeblocks/bin/../lib/gcc/avr/4.3.3/../../../../avr/lib/avr6/crtm2560.o
__vector_46                                       c:/users/ralfs/desktop/codeblocks/bin/../lib/gcc/avr/4.3.3/../../../../avr/lib/avr6/crtm2560.o
__vector_47                                       c:/users/ralfs/desktop/codeblocks/bin/../lib/gcc/avr/4.3.3/../../../../avr/lib/avr6/crtm2560.o
__vector_48                                       c:/users/ralfs/desktop/codeblocks/bin/../lib/gcc/avr/4.3.3/../../../../avr/lib/avr6/crtm2560.o
__vector_49                                       c:/users/ralfs/desktop/codeblocks/bin/../lib/gcc/avr/4.3.3/../../../../avr/lib/avr6/crtm2560.o
__vector_5                                        c:/users/ralfs/desktop/codeblocks/bin/../lib/gcc/avr/4.3.3/../../../../avr/lib/avr6/crtm2560.o
__vector_50                                       c:/users/ralfs/desktop/codeblocks/bin/../lib/gcc/avr/4.3.3/../../../../avr/lib/avr6/crtm2560.o
__vector_51                                       c:/users/ralfs/desktop/codeblocks/bin/../lib/gcc/avr/4.3.3/../../../../avr/lib/avr6/crtm2560.o
__vector_52                                       c:/users/ralfs/desktop/codeblocks/bin/../lib/gcc/avr/4.3.3/../../../../avr/lib/avr6/crtm2560.o
__vector_53                                       c:/users/ralfs/desktop/codeblocks/bin/../lib/gcc/avr/4.3.3/../../../../avr/lib/avr6/crtm2560.o
__vector_54                                       c:/users/ralfs/desktop/codeblocks/bin/../lib/gcc/avr/4.3.3/../../../../avr/lib/avr6/crtm2560.o
__vector_55                                       c:/users/ralfs/desktop/codeblocks/bin/../lib/gcc/avr/4.3.3/../../../../avr/lib/avr6/crtm2560.o
__vector_56                                       c:/users/ralfs/desktop/codeblocks/bin/../lib/gcc/avr/4.3.3/../../../../avr/lib/avr6/crtm2560.o
__vector_6                                        c:/users/ralfs/desktop/codeblocks/bin/../lib/gcc/avr/4.3.3/../../../../avr/lib/avr6/crtm2560.o
__vector_7                                        c:/users/ralfs/desktop/codeblocks/bin/../lib/gcc/avr/4.3.3/../../../../avr/lib/avr6/crtm2560.o
__vector_8                                        c:/users/ralfs/desktop/codeblocks/bin/../lib/gcc/avr/4.3.3/../../../../avr/lib/avr6/crtm2560.o
__vector_9                                        c:/users/ralfs/desktop/codeblocks/bin/../lib/gcc/avr/4.3.3/../../../../avr/lib/avr6/crtm2560.o
__vector_default                                  c:/users/ralfs/desktop/codeblocks/bin/../lib/gcc/avr/4.3.3/../../../../avr/lib/avr6/crtm2560.o
__vectors                                         c:/users/ralfs/desktop/codeblocks/bin/../lib/gcc/avr/4.3.3/../../../../avr/lib/avr6/crtm2560.o
_exit                                             c:/users/ralfs/desktop/codeblocks/bin/../lib/gcc/avr/4.3.3/avr6\libgcc.a(_exit.o)
exit                                              c:/users/ralfs/desktop/codeblocks/bin/../lib/gcc/avr/4.3.3/avr6\libgcc.a(_exit.o)
                                                  c:/users/ralfs/desktop/codeblocks/bin/../lib/gcc/avr/4.3.3/../../../../avr/lib/avr6/crtm2560.o
main                                              obj\Debug\main.o
                                                  c:/users/ralfs/desktop/codeblocks/bin/../lib/gcc/avr/4.3.3/../../../../avr/lib/avr6/crtm2560.o
wait_over                                         obj\Debug\main.o
